// Jest Snapshot v1, https://goo.gl/fbAQLP

exports[`ForecastSummaries Renders correctly 1`] = `
<DocumentFragment>
  <div
    class="forecast-summaries"
  >
    <div
      class="forecast-summary"
      data-testid="forecast-summary"
    >
      <div
        class="forecast-summary_date"
      >
        Thu Jan 01 1970
      </div>
      <div
        class="forecast-summary_icon"
        data-testid="forecast-icon"
      >
        <img
          alt="Weather Icon"
          src="https://openweathermap.org/img/wn/01d@2x.png"
        />
      </div>
      <div
        class="forecast-summary_temperature"
      >
        22
      </div>
      <div
        class="forecast-summary_description"
      >
        Stub description 1
      </div>
    </div>
    <div
      class="forecast-summary"
      data-testid="forecast-summary"
    >
      <div
        class="forecast-summary_date"
      >
        Thu Jan 01 1970
      </div>
      <div
        class="forecast-summary_icon"
        data-testid="forecast-icon"
      >
        <img
          alt="Weather Icon"
          src="https://openweathermap.org/img/wn/13n@2x.png"
        />
      </div>
      <div
        class="forecast-summary_temperature"
      >
        24
      </div>
      <div
        class="forecast-summary_description"
      >
        Stub description 2
      </div>
    </div>
  </div>
</DocumentFragment>
`;
